reading google/1gms/vocab.gz
reading google/2gms/2gm-0000
reading google/2gms/2gm-0001
reading google/2gms/2gm-0002
reading google/2gms/2gm-0003
reading google/2gms/2gm-0004
reading google/2gms/2gm-0005
reading google/2gms/2gm-0006
reading google/2gms/2gm-0007
reading google/2gms/2gm-0008
reading google/2gms/2gm-0009
reading google/2gms/2gm-0010
reading google/2gms/2gm-0011
reading google/2gms/2gm-0012
reading google/2gms/2gm-0013
reading google/2gms/2gm-0014
reading google/2gms/2gm-0015
reading google/2gms/2gm-0016
reading google/2gms/2gm-0017
reading google/2gms/2gm-0018
reading google/2gms/2gm-0019
reading google/2gms/2gm-0020
reading google/2gms/2gm-0021
reading google/2gms/2gm-0022
reading google/2gms/2gm-0023
reading google/2gms/2gm-0024
reading google/2gms/2gm-0025
reading google/2gms/2gm-0026
reading google/2gms/2gm-0027
reading google/2gms/2gm-0028
reading google/2gms/2gm-0029
reading google/2gms/2gm-0030
reading google/2gms/2gm-0031
reading google/2gms/2gm-0032
reading google/2gms/2gm-0033
reading google/2gms/2gm-0034
reading google/2gms/2gm-0035
reading google/2gms/2gm-0036
reading google/2gms/2gm-0037
reading google/2gms/2gm-0038
reading google/2gms/2gm-0039
reading google/2gms/2gm-0040
reading google/2gms/2gm-0041
reading google/2gms/2gm-0042
reading google/3gms/3gm-0000
reading google/3gms/3gm-0001
reading google/3gms/3gm-0002
reading google/3gms/3gm-0007
reading google/3gms/3gm-0008
reading google/3gms/3gm-0009
reading google/3gms/3gm-0010
reading google/3gms/3gm-0013
reading google/3gms/3gm-0014
reading google/3gms/3gm-0015
reading google/3gms/3gm-0016
reading google/3gms/3gm-0017
reading google/3gms/3gm-0018
reading google/3gms/3gm-0019
reading google/3gms/3gm-0020
reading google/3gms/3gm-0021
reading google/3gms/3gm-0022
reading google/3gms/3gm-0023
reading google/3gms/3gm-0024
reading google/3gms/3gm-0025
reading google/3gms/3gm-0026
reading google/3gms/3gm-0027
reading google/3gms/3gm-0028
reading google/3gms/3gm-0029
reading google/3gms/3gm-0030
reading google/3gms/3gm-0031
reading google/3gms/3gm-0032
reading google/3gms/3gm-0033
reading google/3gms/3gm-0034
reading google/3gms/3gm-0035
reading google/3gms/3gm-0036
reading google/3gms/3gm-0037
reading google/3gms/3gm-0038
reading google/3gms/3gm-0039
reading google/3gms/3gm-0040
reading google/3gms/3gm-0041
reading google/3gms/3gm-0042
reading google/3gms/3gm-0043
reading google/3gms/3gm-0044
reading google/3gms/3gm-0045
reading google/3gms/3gm-0046
reading google/3gms/3gm-0047
reading google/3gms/3gm-0048
reading google/3gms/3gm-0050
reading google/3gms/3gm-0051
reading google/3gms/3gm-0052
reading google/3gms/3gm-0053
reading google/3gms/3gm-0054
reading google/3gms/3gm-0057
reading google/3gms/3gm-0058
reading google/3gms/3gm-0059
reading google/3gms/3gm-0061
reading google/3gms/3gm-0062
reading google/3gms/3gm-0063
reading google/3gms/3gm-0064
reading google/3gms/3gm-0065
reading google/3gms/3gm-0066
reading google/3gms/3gm-0067
reading google/3gms/3gm-0068
reading google/3gms/3gm-0069
reading google/3gms/3gm-0070
reading google/3gms/3gm-0071
reading google/3gms/3gm-0072
reading google/3gms/3gm-0075
reading google/3gms/3gm-0076
reading google/3gms/3gm-0077
reading google/3gms/3gm-0078
reading google/3gms/3gm-0079
reading google/3gms/3gm-0080
reading google/3gms/3gm-0081
reading google/3gms/3gm-0082
reading google/3gms/3gm-0083
reading google/3gms/3gm-0084
reading google/3gms/3gm-0085
reading google/3gms/3gm-0086
reading google/3gms/3gm-0087
reading google/3gms/3gm-0088
reading google/3gms/3gm-0089
reading google/3gms/3gm-0090
reading google/3gms/3gm-0091
reading google/3gms/3gm-0092
reading google/3gms/3gm-0094
reading google/3gms/3gm-0095
reading google/3gms/3gm-0096
reading google/3gms/3gm-0097
reading google/3gms/3gm-0098
reading google/3gms/3gm-0107
reading google/3gms/3gm-0111
reading google/3gms/3gm-0114
reading google/3gms/3gm-0115
reading google/3gms/3gm-0119
reading google/3gms/3gm-0120
reading google/3gms/3gm-0121
reading google/3gms/3gm-0122
reading google/3gms/3gm-0124
reading google/3gms/3gm-0125
reading google/3gms/3gm-0127
reading google/3gms/3gm-0128
reading google/3gms/3gm-0129
reading google/3gms/3gm-0130
reading google/3gms/3gm-0133
