*** SERVER LOG ***
reading 33110 1-grams
reading 425750 2-grams
reading 268962 3-grams
starting prob server on port 5001
